// Jest Snapshot v1, https://goo.gl/fbAQLP

exports[`should render NavBar correctly with given strings 1`] = `
<Menu
  id="topNav"
  size="large"
>
  <div
    id="navLinksContainer"
  >
    <MenuHeader
      id="giphylookup"
    >
      GIPHY Lookup
    </MenuHeader>
    <MenuItem
      as={[Function]}
      className="menuItem"
      to="/"
    >
      Home
    </MenuItem>
    <MenuItem
      as={[Function]}
      className="menuItem"
      to="/favorites"
    >
      Favorites
    </MenuItem>
  </div>
</Menu>
`;
